[thicongsonnuoclocphat.com/index.html]
[backblue.gif]
[fade.gif]
[index.html]
[thicongsonnuoclocphat.com/wp-content/themes/flatsome/assets/js/chunk.countup.fe2c1016.js]
[thicongsonnuoclocphat.com/wp-content/themes/flatsome/assets/js/chunk.sticky-sidebar.a58a6557.js]
[thicongsonnuoclocphat.com/comments/feed/index.html]
[thicongsonnuoclocphat.com/feed/index.html]
[thicongsonnuoclocphat.com/wp-content/themes/flatsome/assets/js/chunk.tooltips.29144c1c.js]
[thicongsonnuoclocphat.com/wp-content/themes/flatsome/assets/js/chunk.vendors-popups.947eca5c.js]
[thicongsonnuoclocphat.com/wp-content/themes/flatsome/assets/js/chunk.vendors-slider.f0d2cbc9.js]
[thicongsonnuoclocphat.com/wp-content/themes/flatsome/assets/css/flatsomeb73d.css]
[thicongsonnuoclocphat.com/wp-content/themes/flatsome/assets/css/icons/fl-icons8af9.eot]
[thicongsonnuoclocphat.com/wp-content/themes/flatsome/assets/css/icons/fl-icons.eot]
[thicongsonnuoclocphat.com/wp-content/themes/flatsome/assets/css/icons/fl-icons8af9.woff2]
[thicongsonnuoclocphat.com/wp-content/themes/flatsome/assets/css/icons/fl-icons8af9.ttf]
[thicongsonnuoclocphat.com/wp-content/themes/flatsome/assets/css/icons/fl-icons8af9.woff]
[thicongsonnuoclocphat.com/wp-content/themes/flatsome/assets/css/icons/fl-icons8af9.svg]
[thicongsonnuoclocphat.com/wp-content/themes/flatsome/assets/css/flatsome-shopb73d.css]
[thicongsonnuoclocphat.com/wp-content/themes/flatsome/styleb73d.css]
[thicongsonnuoclocphat.com/wp-includes/js/jquery/jquery.minaf6c.js]
[thicongsonnuoclocphat.com/wp-includes/js/jquery/jquery-migrate.mind617.js]
[thicongsonnuoclocphat.com/wp-json/wp/v2/pages/5.json]
[thicongsonnuoclocphat.com/xmlrpc0db0.php]
[thicongsonnuoclocphat.com/wp-includes/wlwmanifest.xml]
[thicongsonnuoclocphat.com/wp-json/oembed/1.0/embed7300.json]
[thicongsonnuoclocphat.com/wp-content/uploads/2020/06/cropped-Untitled-100x100.png]
[thicongsonnuoclocphat.com/wp-json/oembed/1.0/embed4a56]
[thicongsonnuoclocphat.com/wp-content/uploads/2020/06/cropped-Untitled-300x300.png]
[thicongsonnuoclocphat.com/wp-content/uploads/2022/02/Untitled.png]
[thicongsonnuoclocphat.com/wp-content/uploads/2020/05/064867702589330.jpg]
[thicongsonnuoclocphat.com/wp-content/uploads/2020/05/920186150845829.jpg]
[thicongsonnuoclocphat.com/wp-content/uploads/2020/05/716539872423069.jpg]
[thicongsonnuoclocphat.com/wp-json/index.html]
[thicongsonnuoclocphat.com/wp-content/uploads/2020/06/5a2a9b9f121de843b10c-2.jpg]
[thicongsonnuoclocphat.com/wp-content/uploads/2020/06/66f185fab87742291b66-1.jpg]
[thicongsonnuoclocphat.com/gio-hang/index.html]
[thicongsonnuoclocphat.com/gioi-thieu/index.html]
[thicongsonnuoclocphat.com/wp-content/uploads/2020/06/c36dc0cd494fb311ea5e-2.jpg]
[thicongsonnuoclocphat.com/son-nuoc/index.html]
[thicongsonnuoclocphat.com/wp-content/uploads/2020/06/8197570ede8c24d27d9d-1.jpg]
[thicongsonnuoclocphat.com/thach-cao/index.html]
[thicongsonnuoclocphat.com/wp-content/uploads/2020/06/3f0474eafd6807365e79-1.jpg]
[thicongsonnuoclocphat.com/wp-content/uploads/2020/06/dccd807009f2f3acaae3-1.jpg]
[thicongsonnuoclocphat.com/wp-content/uploads/2020/06/abfe6d77e4f51eab47e4-2.jpg]
[thicongsonnuoclocphat.com/wp-content/uploads/2020/06/84d2e04369c1939fcad0-2.jpg]
[thicongsonnuoclocphat.com/sua-chua-nha/index.html]
[thicongsonnuoclocphat.com/category/tu-van/index.html]
[thicongsonnuoclocphat.com/wp-content/uploads/2020/06/86a16a11e39319cd4082-2.jpg]
[thicongsonnuoclocphat.com/wp-content/uploads/2020/06/3f0474eafd6807365e79-2.jpg]
[thicongsonnuoclocphat.com/wp-content/uploads/2020/06/13a54297ca15304b6904-2.jpg]
[thicongsonnuoclocphat.com/wp-content/uploads/2020/06/69dc37041789edd7b498-2-576x1024.jpg]
[thicongsonnuoclocphat.com/wp-content/uploads/2020/06/69dc37041789edd7b498-2.28.delayed]
[thicongsonnuoclocphat.com/du-an-thuc-hien/index.html]
[thicongsonnuoclocphat.com/wp-content/uploads/2020/06/84d2e04369c1939fcad0-2-1024x768.jpg]
[thicongsonnuoclocphat.com/wp-content/uploads/2020/06/246b72d3fb51010f5840-2.jpg]
[thicongsonnuoclocphat.com/lien-he/index.html]
[thicongsonnuoclocphat.com/wp-content/uploads/2020/06/20815d0dd48f2ed1779e-2.jpg]
[thicongsonnuoclocphat.com/__trashed/index.html]
[thicongsonnuoclocphat.com/wp-content/uploads/2020/06/8197570ede8c24d27d9d-2.jpg]
[thicongsonnuoclocphat.com/225/index.html]
[thicongsonnuoclocphat.com/wp-content/uploads/2020/06/abfe6d77e4f51eab47e4-2-1024x768.jpg]
[thicongsonnuoclocphat.com/wp-content/uploads/2020/06/d8061d8294006e5e3711-2-1024x768.jpg]
[thicongsonnuoclocphat.com/wp-content/uploads/2020/06/d8061d8294006e5e3711-2.jpg]
[thicongsonnuoclocphat.com/wp-content/uploads/2020/06/dccd807009f2f3acaae3-2.jpg]
[thicongsonnuoclocphat.com/wp-content/uploads/2020/06/fff9746cfdee07b05eff-2-1024x768.jpg]
[thicongsonnuoclocphat.com/wp-content/uploads/2020/06/fff9746cfdee07b05eff-2.jpg]
[thicongsonnuoclocphat.com/223/index.html]
[thicongsonnuoclocphat.com/wp-content/plugins/woocommerce/assets/js/jquery-blockui/jquery.blockUI.min6459.js]
[thicongsonnuoclocphat.com/wp-content/plugins/woocommerce/assets/js/frontend/add-to-cart.min3781.js]
[thicongsonnuoclocphat.com/221/index.html]
[thicongsonnuoclocphat.com/wp-content/plugins/woocommerce/assets/js/js-cookie/js.cookie.minc6bb.js]
[thicongsonnuoclocphat.com/wp-content/plugins/woocommerce/assets/js/frontend/woocommerce.min3781.js]
[thicongsonnuoclocphat.com/wp-content/plugins/woocommerce/assets/js/frontend/cart-fragments.min3781.js]
[thicongsonnuoclocphat.com/219/index.html]
[thicongsonnuoclocphat.com/wp-content/themes/flatsome/inc/extensions/flatsome-live-search/flatsome-live-searchb73d.js]
[thicongsonnuoclocphat.com/wp-includes/js/dist/vendor/regenerator-runtime.min3937.js]
[thicongsonnuoclocphat.com/wp-includes/js/dist/vendor/wp-polyfill.min2c7c.js]
[thicongsonnuoclocphat.com/wp-includes/js/hoverIntent.min3e5a.js]
[thicongsonnuoclocphat.com/217/index.html]
[thicongsonnuoclocphat.com/215/index.html]
[thicongsonnuoclocphat.com/213/index.html]
[thicongsonnuoclocphat.com/index.html]
[thicongsonnuoclocphat.com/wp-content/themes/flatsome/assets/js/woocommerce48f4.js]
[thicongsonnuoclocphat.com/xmlrpc.html]
[thicongsonnuoclocphat.com/wp-content/themes/flatsome/assets/js/flatsome0cdc.js]
[thicongsonnuoclocphat.com/category/da-hoa-cuong/index.html]
[thicongsonnuoclocphat.com/category/son-epoxy/index.html]
[thicongsonnuoclocphat.com/category/san-go-gia-re/index.html]
[thicongsonnuoclocphat.com/category/cua-nhom-kinh/index.html]
[thicongsonnuoclocphat.com/wp-content/themes/flatsome/assets/img/shadow@2x.png]
[thicongsonnuoclocphat.com/wp-content/themes/flatsome/assets/css/flatsomeb73d.css]
[thicongsonnuoclocphat.com/wp-content/themes/flatsome/assets/img/underline.png]
[thicongsonnuoclocphat.com/wp-content/themes/flatsome/assets/css/icons/fl-icons8af9.svg]
[thicongsonnuoclocphat.com/category/son-nuoc-gia-re/index.html]
[thicongsonnuoclocphat.com/wp-content/themes/flatsome/assets/css/flatsome-shopb73d.css]
[thicongsonnuoclocphat.com/category/sua-chua-nha/index.html]
[thicongsonnuoclocphat.com/category/thach-cao-gia-re/index.html]
[thicongsonnuoclocphat.com/wp-content/themes/flatsome/styleb73d.css]
[thicongsonnuoclocphat.com/category/tin-tuc/index.html]
[thicongsonnuoclocphat.com/tai-khoan/lost-password/index.html]
[thicongsonnuoclocphat.com/wp-content/plugins/woocommerce/assets/css/select23781.css]
[thicongsonnuoclocphat.com/wp-json/wp/v2/pages/8.json]
[thicongsonnuoclocphat.com/wp-json/oembed/1.0/embed23c7.json]
[thicongsonnuoclocphat.com/wp-json/oembed/1.0/embed88e9]
[thicongsonnuoclocphat.com/wp-content/plugins/woocommerce/assets/js/frontend/country-select.min3781.js]
[thicongsonnuoclocphat.com/wp-content/plugins/woocommerce/assets/js/frontend/address-i18n.min3781.js]
[thicongsonnuoclocphat.com/cua-hang/index.html]
[thicongsonnuoclocphat.com/wp-content/plugins/woocommerce/assets/js/frontend/cart.min3781.js]
[thicongsonnuoclocphat.com/gio-hang/index.html]
[thicongsonnuoclocphat.com/wp-content/plugins/woocommerce/assets/js/selectWoo/selectWoo.full.mina8aa.js]
[thicongsonnuoclocphat.com/wp-json/wp/v2/pages/313.json]
[thicongsonnuoclocphat.com/wp-json/oembed/1.0/embed7488.json]
[thicongsonnuoclocphat.com/gioi-thieu/index.html]
[thicongsonnuoclocphat.com/wp-json/oembed/1.0/embed13b6]
[thicongsonnuoclocphat.com/wp-json/wp/v2/pages/314.json]
[thicongsonnuoclocphat.com/wp-json/oembed/1.0/embed9d16.json]
[thicongsonnuoclocphat.com/son-nuoc/index.html]
[thicongsonnuoclocphat.com/wp-json/oembed/1.0/embeda40c]
[thicongsonnuoclocphat.com/wp-json/wp/v2/pages/323.json]
[thicongsonnuoclocphat.com/wp-json/oembed/1.0/embed24d1.json]
[thicongsonnuoclocphat.com/thach-cao/index.html]
[thicongsonnuoclocphat.com/wp-json/oembed/1.0/embed5346]
[thicongsonnuoclocphat.com/wp-json/wp/v2/pages/15.json]
[thicongsonnuoclocphat.com/wp-json/oembed/1.0/embed2466.json]
[thicongsonnuoclocphat.com/sua-chua-nha/index.html]
[thicongsonnuoclocphat.com/wp-json/oembed/1.0/embed0afb]
[thicongsonnuoclocphat.com/category/tu-van/index.html]
[thicongsonnuoclocphat.com/wp-json/wp/v2/categories/24.json]
[thicongsonnuoclocphat.com/category/tu-van/feed/index.html]
[thicongsonnuoclocphat.com/wp-json/wp/v2/pages/21.json]
[thicongsonnuoclocphat.com/wp-json/oembed/1.0/embedbc44.json]
[thicongsonnuoclocphat.com/du-an-thuc-hien/index.html]
[thicongsonnuoclocphat.com/wp-json/oembed/1.0/embed7385]
[thicongsonnuoclocphat.com/wp-json/wp/v2/pages/23.json]
[thicongsonnuoclocphat.com/wp-json/oembed/1.0/embede3cb.json]
[thicongsonnuoclocphat.com/lien-he/index.html]
[thicongsonnuoclocphat.com/wp-json/oembed/1.0/embedb54a]
[thicongsonnuoclocphat.com/wp-json/wp/v2/posts/228.json]
[thicongsonnuoclocphat.com/wp-json/oembed/1.0/embeded42.json]
[thicongsonnuoclocphat.com/__trashed/index.html]
[thicongsonnuoclocphat.com/wp-json/oembed/1.0/embed59b1]
[thicongsonnuoclocphat.com/wp-includes/js/comment-reply.min37ad.js]
[thicongsonnuoclocphat.com/__trashed/feed/index.html]
[thicongsonnuoclocphat.com/author/mevivu/index.html]
[thicongsonnuoclocphat.com/wp-json/wp/v2/posts/225.json]
[thicongsonnuoclocphat.com/225/feed/index.html]
[thicongsonnuoclocphat.com/wp-json/oembed/1.0/embed7913.json]
[thicongsonnuoclocphat.com/225/index.html]
[thicongsonnuoclocphat.com/wp-json/oembed/1.0/embed76b4]
[thicongsonnuoclocphat.com/wp-json/wp/v2/posts/223.json]
[thicongsonnuoclocphat.com/223/feed/index.html]
[thicongsonnuoclocphat.com/wp-json/oembed/1.0/embed6b9a.json]
[thicongsonnuoclocphat.com/223/index.html]
[thicongsonnuoclocphat.com/wp-json/oembed/1.0/embed91a3]
[thicongsonnuoclocphat.com/wp-json/wp/v2/posts/221.json]
[thicongsonnuoclocphat.com/221/feed/index.html]
[thicongsonnuoclocphat.com/wp-json/oembed/1.0/embedcd66.json]
[thicongsonnuoclocphat.com/221/index.html]
[thicongsonnuoclocphat.com/wp-json/oembed/1.0/embed19e2]
[thicongsonnuoclocphat.com/wp-json/wp/v2/posts/219.json]
[thicongsonnuoclocphat.com/219/feed/index.html]
[thicongsonnuoclocphat.com/wp-json/oembed/1.0/embedcd94.json]
[thicongsonnuoclocphat.com/219/index.html]
[thicongsonnuoclocphat.com/wp-json/oembed/1.0/embedae50]
[thicongsonnuoclocphat.com/wp-json/wp/v2/posts/217.json]
[thicongsonnuoclocphat.com/217/feed/index.html]
[thicongsonnuoclocphat.com/wp-json/oembed/1.0/embed3073.json]
[thicongsonnuoclocphat.com/217/index.html]
[thicongsonnuoclocphat.com/wp-json/oembed/1.0/embed8072]
[thicongsonnuoclocphat.com/wp-json/wp/v2/posts/215.json]
[thicongsonnuoclocphat.com/215/feed/index.html]
[thicongsonnuoclocphat.com/wp-json/oembed/1.0/embedb167.json]
[thicongsonnuoclocphat.com/215/index.html]
[thicongsonnuoclocphat.com/wp-json/oembed/1.0/embed20fa]
[thicongsonnuoclocphat.com/wp-json/wp/v2/posts/213.json]
[thicongsonnuoclocphat.com/wp-json/oembed/1.0/embed736d.json]
[thicongsonnuoclocphat.com/213/index.html]
[thicongsonnuoclocphat.com/wp-json/oembed/1.0/embed4918]
[thicongsonnuoclocphat.com/213/feed/index.html]
[thicongsonnuoclocphat.com/211/index.html]
[thicongsonnuoclocphat.com/category/san-go-gia-re/feed/index.html]
[thicongsonnuoclocphat.com/category/san-go-gia-re/index.html]
[thicongsonnuoclocphat.com/wp-json/wp/v2/categories/16.json]
[thicongsonnuoclocphat.com/cua-nhom-kinh-gia-re-tp-hcm/index.html]
[thicongsonnuoclocphat.com/category/da-hoa-cuong/index.html]
[thicongsonnuoclocphat.com/205/index.html]
[thicongsonnuoclocphat.com/category/da-hoa-cuong/feed/index.html]
[thicongsonnuoclocphat.com/wp-json/wp/v2/categories/17.json]
[thicongsonnuoclocphat.com/category/son-epoxy/index.html]
[thicongsonnuoclocphat.com/wp-json/wp/v2/categories/18.json]
[thicongsonnuoclocphat.com/category/son-epoxy/feed/index.html]
[thicongsonnuoclocphat.com/category/cua-nhom-kinh/feed/index.html]
[thicongsonnuoclocphat.com/wp-json/wp/v2/categories/19.json]
[thicongsonnuoclocphat.com/category/cua-nhom-kinh/index.html]
[thicongsonnuoclocphat.com/wp-json/wp/v2/categories/20.json]
[thicongsonnuoclocphat.com/wp-content/uploads/2020/06/66f185fab87742291b66-1-576x1024.jpg]
[thicongsonnuoclocphat.com/category/son-nuoc-gia-re/feed/index.html]
[thicongsonnuoclocphat.com/category/son-nuoc-gia-re/index.html]
[thicongsonnuoclocphat.com/207/index.html]
[thicongsonnuoclocphat.com/209/index.html]
[thicongsonnuoclocphat.com/category/sua-chua-nha/feed/index.html]
[thicongsonnuoclocphat.com/category/sua-chua-nha/index.html]
[thicongsonnuoclocphat.com/category/son-nuoc-gia-re/page/2/index.html]
[thicongsonnuoclocphat.com/wp-json/wp/v2/categories/21.json]
[thicongsonnuoclocphat.com/category/thach-cao-gia-re/index.html]
[thicongsonnuoclocphat.com/wp-json/wp/v2/categories/22.json]
[thicongsonnuoclocphat.com/category/thach-cao-gia-re/feed/index.html]
[thicongsonnuoclocphat.com/category/tin-tuc/feed/index.html]
[thicongsonnuoclocphat.com/wp-json/wp/v2/categories/23.json]
[thicongsonnuoclocphat.com/category/tin-tuc/index.html]
[thicongsonnuoclocphat.com/wp-includes/js/zxcvbn-async.min5152.js]
[thicongsonnuoclocphat.com/wp-json/wp/v2/pages/10.json]
[thicongsonnuoclocphat.com/wp-json/oembed/1.0/embedfbb8.json]
[thicongsonnuoclocphat.com/tai-khoan/index.html]
[thicongsonnuoclocphat.com/wp-json/oembed/1.0/embeded17]
[thicongsonnuoclocphat.com/wp-includes/js/dist/hooks.mincbb5.js]
[thicongsonnuoclocphat.com/wp-includes/js/dist/i18n.min771a.js]
[thicongsonnuoclocphat.com/wp-admin/js/password-strength-meter.min37ad.js]
[thicongsonnuoclocphat.com/wp-content/plugins/woocommerce/assets/js/frontend/password-strength-meter.min3781.js]
[thicongsonnuoclocphat.com/wp-content/plugins/woocommerce/assets/js/frontend/lost-password.min3781.js]
[thicongsonnuoclocphat.com/tai-khoan/lost-password/index.html]
[thicongsonnuoclocphat.com/wp-content/plugins/woocommerce/assets/css/select23781.css]
[thicongsonnuoclocphat.com/index2df4.html]
[thicongsonnuoclocphat.com/cua-hang/feed/index.html]
[thicongsonnuoclocphat.com/cua-hang/index.html]
[thicongsonnuoclocphat.com/index8c55.html]
[thicongsonnuoclocphat.com/index1031.html]
[thicongsonnuoclocphat.com/index3cee.html]
[thicongsonnuoclocphat.com/indexa1ca.html]
[thicongsonnuoclocphat.com/index3965.html]
[thicongsonnuoclocphat.com/index40a0.html]
[thicongsonnuoclocphat.com/index6eea.html]
[thicongsonnuoclocphat.com/wp-login4f08.html]
[thicongsonnuoclocphat.com/author/mevivu/feed/index.html]
[thicongsonnuoclocphat.com/author/mevivu/index.html]
[thicongsonnuoclocphat.com/indexfa80.html]
[thicongsonnuoclocphat.com/indexd027.html]
[thicongsonnuoclocphat.com/indexd5db.html]
[thicongsonnuoclocphat.com/index50f6.html]
[thicongsonnuoclocphat.com/indexc094.html]
[thicongsonnuoclocphat.com/indexd7c9.html]
[thicongsonnuoclocphat.com/indexf3dd.html]
[thicongsonnuoclocphat.com/wp-json/wp/v2/users/1.json]
[thicongsonnuoclocphat.com/author/mevivu/page/2/index.html]
[thicongsonnuoclocphat.com/211/feed/index.html]
[thicongsonnuoclocphat.com/wp-json/wp/v2/posts/211.json]
[thicongsonnuoclocphat.com/wp-json/oembed/1.0/embed1a81.json]
[thicongsonnuoclocphat.com/211/index.html]
[thicongsonnuoclocphat.com/wp-json/oembed/1.0/embed0263]
[thicongsonnuoclocphat.com/wp-json/wp/v2/posts/205.json]
[thicongsonnuoclocphat.com/205/feed/index.html]
[thicongsonnuoclocphat.com/wp-json/oembed/1.0/embed4169.json]
[thicongsonnuoclocphat.com/205/index.html]
[thicongsonnuoclocphat.com/wp-json/oembed/1.0/embede156]
[thicongsonnuoclocphat.com/wp-json/wp/v2/posts/98.json]
[thicongsonnuoclocphat.com/cua-nhom-kinh-gia-re-tp-hcm/feed/index.html]
[thicongsonnuoclocphat.com/wp-json/oembed/1.0/embed8fe4.json]
[thicongsonnuoclocphat.com/cua-nhom-kinh-gia-re-tp-hcm/index.html]
[thicongsonnuoclocphat.com/wp-json/oembed/1.0/embed57bd]
[thicongsonnuoclocphat.com/wp-json/wp/v2/posts/209.json]
[thicongsonnuoclocphat.com/209/feed/index.html]
[thicongsonnuoclocphat.com/wp-json/oembed/1.0/embed313f.json]
[thicongsonnuoclocphat.com/209/index.html]
[thicongsonnuoclocphat.com/wp-json/oembed/1.0/embed50df]
[thicongsonnuoclocphat.com/207/feed/index.html]
[thicongsonnuoclocphat.com/wp-json/wp/v2/posts/207.json]
[thicongsonnuoclocphat.com/wp-json/oembed/1.0/embed2d98.json]
[thicongsonnuoclocphat.com/207/index.html]
[thicongsonnuoclocphat.com/category/son-nuoc-gia-re/page/2/index.html]
[thicongsonnuoclocphat.com/tai-khoan/index.html]
[thicongsonnuoclocphat.com/index64b4.html]
[thicongsonnuoclocphat.com/wp-json/oembed/1.0/embedb64d]
[thicongsonnuoclocphat.com/wp-includes/css/dashicons.min37ad.css]
[thicongsonnuoclocphat.com/wp-includes/css/buttons.min37ad.css]
[thicongsonnuoclocphat.com/wp-admin/css/forms.min37ad.css]
[thicongsonnuoclocphat.com/wp-admin/css/l10n.min37ad.css]
[thicongsonnuoclocphat.com/wp-admin/css/login.min37ad.css]
[thicongsonnuoclocphat.com/wp-includes/js/underscore.minb37e.js]
[thicongsonnuoclocphat.com/wp-includes/js/wp-util.min37ad.js]
[thicongsonnuoclocphat.com/wp-admin/js/user-profile.min37ad.js]
[thicongsonnuoclocphat.com/wp-login4f08.html]
[thicongsonnuoclocphat.com/author/mevivu/page/2/index.html]
[thicongsonnuoclocphat.com/index0114.html]
[thicongsonnuoclocphat.com/indexc140.html]
[thicongsonnuoclocphat.com/indexb6ad.html]
[thicongsonnuoclocphat.com/index4e6a.html]
[thicongsonnuoclocphat.com/indexeb91.html]
[thicongsonnuoclocphat.com/category/son-nuoc-gia-re/page/1/index.html]
[thicongsonnuoclocphat.com/wp-includes/fonts/dashicons7d4b.eot]
[thicongsonnuoclocphat.com/wp-includes/css/dashicons.min37ad.css]
[thicongsonnuoclocphat.com/wp-includes/css/buttons.min37ad.css]
[thicongsonnuoclocphat.com/wp-includes/fonts/dashicons7d4b.ttf]
[thicongsonnuoclocphat.com/wp-admin/css/forms.min37ad.css]
[thicongsonnuoclocphat.com/wp-admin/css/l10n.min37ad.css]
[thicongsonnuoclocphat.com/wp-admin/images/loading.gif]
[thicongsonnuoclocphat.com/wp-admin/images/w-logo-blue7a53.png]
[thicongsonnuoclocphat.com/wp-admin/css/login.min37ad.css]
[thicongsonnuoclocphat.com/author/mevivu/page/1/index.html]
[thicongsonnuoclocphat.com/wp-admin/images/wordpress-logo7d6b.svg]
[thicongsonnuoclocphat.com/wp-admin/images/wordpress-logo7d6b.svg]
